// Jest Snapshot v1, https://goo.gl/fbAQLP

exports[`Pruebas en <FormLogin/> debe mostrarse correctamente 1`] = `
<form
  onSubmit={[Function]}
>
  <div
    className="form-group"
  >
    <input
      className="form-control"
      name="email"
      onChange={[Function]}
      placeholder="Correo"
      type="text"
      value=""
    />
  </div>
  <div
    className="form-group"
  >
    <input
      className="form-control"
      name="password"
      onChange={[Function]}
      placeholder="ContraseÃ±a"
      type="password"
      value=""
    />
  </div>
  <div
    className="form-group"
  >
    <input
      className="btnSubmit"
      type="submit"
      value="Login"
    />
  </div>
</form>
`;
