// Jest Snapshot v1, https://goo.gl/fbAQLP

exports[`Pruebas en <FormRegister/> debe mostrarse correctamente 1`] = `
<form
  onSubmit={[Function]}
>
  <div
    className="form-group"
  >
    <input
      className="form-control"
      name="name"
      onChange={[Function]}
      placeholder="Nombre"
      type="text"
      value=""
    />
  </div>
  <div
    className="form-group"
  >
    <input
      className="form-control"
      name="email"
      onChange={[Function]}
      placeholder="Correo"
      type="email"
      value=""
    />
  </div>
  <div
    className="form-group"
  >
    <input
      className="form-control"
      name="password"
      onChange={[Function]}
      placeholder="Contraseña"
      type="password"
      value=""
    />
  </div>
  <div
    className="form-group"
  >
    <input
      className="form-control"
      name="confirmPassword"
      onChange={[Function]}
      placeholder="Confirmar contraseña"
      type="password"
      value=""
    />
  </div>
  <div
    className="form-group"
  >
    <input
      className="btnSubmit"
      type="submit"
      value="Crear cuenta"
    />
  </div>
</form>
`;
